../Driver/Src/spi_f407.c:14:6:SPI_ClockControl	16	static
../Driver/Src/spi_f407.c:30:6:SPI_Init	24	static
../Driver/Src/spi_f407.c:55:8:SPI_GetFlag	16	static
../Driver/Src/spi_f407.c:61:6:SPI_SendData	24	static
../Driver/Src/spi_f407.c:79:6:SPI_ReceiveData	24	static
../Driver/Src/spi_f407.c:94:6:SPI_PeriphrealControl	16	static
../Driver/Src/spi_f407.c:103:6:SPI_SSIConfig	16	static
../Driver/Src/spi_f407.c:111:6:SPI_SSOEConfig	16	static
../Driver/Src/spi_f407.c:121:6:SPI_IRQInterruptConfig	16	static
../Driver/Src/spi_f407.c:138:6:SPI_IRQPriorityConfig	24	static
../Driver/Src/spi_f407.c:144:9:SPI_SendDataIT	32	static
../Driver/Src/spi_f407.c:158:9:SPI_ReceiveDataIT	32	static
../Driver/Src/spi_f407.c:172:6:SPI_IRQHandling	24	static
../Driver/Src/spi_f407.c:194:13:spi_txe_interrupt_handle	16	static
../Driver/Src/spi_f407.c:214:6:SPI_CloseTransmisson	16	static
../Driver/Src/spi_f407.c:221:13:spi_rxe_interrupt_handle	16	static
../Driver/Src/spi_f407.c:239:6:SPI_CloseReception	16	static
../Driver/Src/spi_f407.c:245:13:spi_over_flag_interrupt_handle	24	static
../Driver/Src/spi_f407.c:256:6:SPI_ClearOVERFlag	24	static
../Driver/Src/spi_f407.c:262:29:SPI_ApplicationEventCallback	16	static
