Archive member included to satisfy reference by file (symbol)

C:/ST/STM32CubeIDE_1.18.0/STM32CubeIDE/plugins/com.st.stm32cube.ide.mcu.externaltools.gnu-tools-for-stm32.13.3.rel1.win32_1.0.0.202411081344/tools/bin/../lib/gcc/arm-none-eabi/13.3.1/../../../../arm-none-eabi/lib/thumb/v7-m/nofp\libc_nano.a(libc_a-exit.o)
                              C:/ST/STM32CubeIDE_1.18.0/STM32CubeIDE/plugins/com.st.stm32cube.ide.mcu.externaltools.gnu-tools-for-stm32.13.3.rel1.win32_1.0.0.202411081344/tools/bin/../lib/gcc/arm-none-eabi/13.3.1/../../../../arm-none-eabi/lib/thumb/v7-m/nofp/crt0.o (exit)
C:/ST/STM32CubeIDE_1.18.0/STM32CubeIDE/plugins/com.st.stm32cube.ide.mcu.externaltools.gnu-tools-for-stm32.13.3.rel1.win32_1.0.0.202411081344/tools/bin/../lib/gcc/arm-none-eabi/13.3.1/../../../../arm-none-eabi/lib/thumb/v7-m/nofp\libc_nano.a(libc_a-findfp.o)
                              C:/ST/STM32CubeIDE_1.18.0/STM32CubeIDE/plugins/com.st.stm32cube.ide.mcu.externaltools.gnu-tools-for-stm32.13.3.rel1.win32_1.0.0.202411081344/tools/bin/../lib/gcc/arm-none-eabi/13.3.1/../../../../arm-none-eabi/lib/thumb/v7-m/nofp\libc_nano.a(libc_a-exit.o) (__stdio_exit_handler)
C:/ST/STM32CubeIDE_1.18.0/STM32CubeIDE/plugins/com.st.stm32cube.ide.mcu.externaltools.gnu-tools-for-stm32.13.3.rel1.win32_1.0.0.202411081344/tools/bin/../lib/gcc/arm-none-eabi/13.3.1/../../../../arm-none-eabi/lib/thumb/v7-m/nofp\libc_nano.a(libc_a-fwalk.o)
                              C:/ST/STM32CubeIDE_1.18.0/STM32CubeIDE/plugins/com.st.stm32cube.ide.mcu.externaltools.gnu-tools-for-stm32.13.3.rel1.win32_1.0.0.202411081344/tools/bin/../lib/gcc/arm-none-eabi/13.3.1/../../../../arm-none-eabi/lib/thumb/v7-m/nofp\libc_nano.a(libc_a-findfp.o) (_fwalk_sglue)
C:/ST/STM32CubeIDE_1.18.0/STM32CubeIDE/plugins/com.st.stm32cube.ide.mcu.externaltools.gnu-tools-for-stm32.13.3.rel1.win32_1.0.0.202411081344/tools/bin/../lib/gcc/arm-none-eabi/13.3.1/../../../../arm-none-eabi/lib/thumb/v7-m/nofp\libc_nano.a(libc_a-stdio.o)
                              C:/ST/STM32CubeIDE_1.18.0/STM32CubeIDE/plugins/com.st.stm32cube.ide.mcu.externaltools.gnu-tools-for-stm32.13.3.rel1.win32_1.0.0.202411081344/tools/bin/../lib/gcc/arm-none-eabi/13.3.1/../../../../arm-none-eabi/lib/thumb/v7-m/nofp\libc_nano.a(libc_a-findfp.o) (__sread)
C:/ST/STM32CubeIDE_1.18.0/STM32CubeIDE/plugins/com.st.stm32cube.ide.mcu.externaltools.gnu-tools-for-stm32.13.3.rel1.win32_1.0.0.202411081344/tools/bin/../lib/gcc/arm-none-eabi/13.3.1/../../../../arm-none-eabi/lib/thumb/v7-m/nofp\libc_nano.a(libc_a-memset.o)
                              C:/ST/STM32CubeIDE_1.18.0/STM32CubeIDE/plugins/com.st.stm32cube.ide.mcu.externaltools.gnu-tools-for-stm32.13.3.rel1.win32_1.0.0.202411081344/tools/bin/../lib/gcc/arm-none-eabi/13.3.1/../../../../arm-none-eabi/lib/thumb/v7-m/nofp/crt0.o (memset)
C:/ST/STM32CubeIDE_1.18.0/STM32CubeIDE/plugins/com.st.stm32cube.ide.mcu.externaltools.gnu-tools-for-stm32.13.3.rel1.win32_1.0.0.202411081344/tools/bin/../lib/gcc/arm-none-eabi/13.3.1/../../../../arm-none-eabi/lib/thumb/v7-m/nofp\libc_nano.a(libc_a-closer.o)
                              C:/ST/STM32CubeIDE_1.18.0/STM32CubeIDE/plugins/com.st.stm32cube.ide.mcu.externaltools.gnu-tools-for-stm32.13.3.rel1.win32_1.0.0.202411081344/tools/bin/../lib/gcc/arm-none-eabi/13.3.1/../../../../arm-none-eabi/lib/thumb/v7-m/nofp\libc_nano.a(libc_a-stdio.o) (_close_r)
C:/ST/STM32CubeIDE_1.18.0/STM32CubeIDE/plugins/com.st.stm32cube.ide.mcu.externaltools.gnu-tools-for-stm32.13.3.rel1.win32_1.0.0.202411081344/tools/bin/../lib/gcc/arm-none-eabi/13.3.1/../../../../arm-none-eabi/lib/thumb/v7-m/nofp\libc_nano.a(libc_a-reent.o)
                              C:/ST/STM32CubeIDE_1.18.0/STM32CubeIDE/plugins/com.st.stm32cube.ide.mcu.externaltools.gnu-tools-for-stm32.13.3.rel1.win32_1.0.0.202411081344/tools/bin/../lib/gcc/arm-none-eabi/13.3.1/../../../../arm-none-eabi/lib/thumb/v7-m/nofp\libc_nano.a(libc_a-closer.o) (errno)
C:/ST/STM32CubeIDE_1.18.0/STM32CubeIDE/plugins/com.st.stm32cube.ide.mcu.externaltools.gnu-tools-for-stm32.13.3.rel1.win32_1.0.0.202411081344/tools/bin/../lib/gcc/arm-none-eabi/13.3.1/../../../../arm-none-eabi/lib/thumb/v7-m/nofp\libc_nano.a(libc_a-impure.o)
                              C:/ST/STM32CubeIDE_1.18.0/STM32CubeIDE/plugins/com.st.stm32cube.ide.mcu.externaltools.gnu-tools-for-stm32.13.3.rel1.win32_1.0.0.202411081344/tools/bin/../lib/gcc/arm-none-eabi/13.3.1/../../../../arm-none-eabi/lib/thumb/v7-m/nofp\libc_nano.a(libc_a-reent.o) (_impure_ptr)
C:/ST/STM32CubeIDE_1.18.0/STM32CubeIDE/plugins/com.st.stm32cube.ide.mcu.externaltools.gnu-tools-for-stm32.13.3.rel1.win32_1.0.0.202411081344/tools/bin/../lib/gcc/arm-none-eabi/13.3.1/../../../../arm-none-eabi/lib/thumb/v7-m/nofp\libc_nano.a(libc_a-lseekr.o)
[...]
Memory Configuration

Name             Origin             Length             Attributes
RAM              0x20000000         0x00005000         xrw
FLASH            0x08000000         0x00010000         xr
*default*        0x00000000         0xffffffff

Linker script and memory map

LOAD C:/ST/STM32CubeIDE_1.18.0/STM32CubeIDE/plugins/com.st.stm32cube.ide.mcu.externaltools.gnu-tools-for-stm32.13.3.rel1.win32_1.0.0.202411081344/tools/bin/../lib/gcc/arm-none-eabi/13.3.1/thumb/v7-m/nofp/crti.o
LOAD C:/ST/STM32CubeIDE_1.18.0/STM32CubeIDE/plugins/com.st.stm32cube.ide.mcu.externaltools.gnu-tools-for-stm32.13.3.rel1.win32_1.0.0.202411081344/tools/bin/../lib/gcc/arm-none-eabi/13.3.1/thumb/v7-m/nofp/crtbegin.o
LOAD C:/ST/STM32CubeIDE_1.18.0/STM32CubeIDE/plugins/com.st.stm32cube.ide.mcu.externaltools.gnu-tools-for-stm32.13.3.rel1.win32_1.0.0.202411081344/tools/bin/../lib/gcc/arm-none-eabi/13.3.1/../../../../arm-none-eabi/lib/thumb/v7-m/nofp/crt0.o
LOAD ./Driver/Src/gpio_f103.o
LOAD ./Driver/Src/systick_f103.o
LOAD ./Driver/Src/usart_f103.o
LOAD ./Src/main_usart.o
LOAD ./Src/syscalls.o
LOAD ./Src/sysmem.o
LOAD ./Startup/startup_stm32f103c8tx.o
START GROUP
LOAD C:/ST/STM32CubeIDE_1.18.0/STM32CubeIDE/plugins/com.st.stm32cube.ide.mcu.externaltools.gnu-tools-for-stm32.13.3.rel1.win32_1.0.0.202411081344/tools/bin/../lib/gcc/arm-none-eabi/13.3.1/../../../../arm-none-eabi/lib/thumb/v7-m/nofp\libc_nano.a
LOAD C:/ST/STM32CubeIDE_1.18.0/STM32CubeIDE/plugins/com.st.stm32cube.ide.mcu.externaltools.gnu-tools-for-stm32.13.3.rel1.win32_1.0.0.202411081344/tools/bin/../lib/gcc/arm-none-eabi/13.3.1/../../../../arm-none-eabi/lib/thumb/v7-m/nofp\libm.a
END GROUP
START GROUP
LOAD C:/ST/STM32CubeIDE_1.18.0/STM32CubeIDE/plugins/com.st.stm32cube.ide.mcu.externaltools.gnu-tools-for-stm32.13.3.rel1.win32_1.0.0.202411081344/tools/bin/../lib/gcc/arm-none-eabi/13.3.1/thumb/v7-m/nofp\libgcc.a
LOAD C:/ST/STM32CubeIDE_1.18.0/STM32CubeIDE/plugins/com.st.stm32cube.ide.mcu.externaltools.gnu-tools-for-stm32.13.3.rel1.win32_1.0.0.202411081344/tools/bin/../lib/gcc/arm-none-eabi/13.3.1/../../../../arm-none-eabi/lib/thumb/v7-m/nofp\libc_nano.a
END GROUP
START GROUP
LOAD C:/ST/STM32CubeIDE_1.18.0/STM32CubeIDE/plugins/com.st.stm32cube.ide.mcu.externaltools.gnu-tools-for-stm32.13.3.rel1.win32_1.0.0.202411081344/tools/bin/../lib/gcc/arm-none-eabi/13.3.1/thumb/v7-m/nofp\libgcc.a
LOAD C:/ST/STM32CubeIDE_1.18.0/STM32CubeIDE/plugins/com.st.stm32cube.ide.mcu.externaltools.gnu-tools-for-stm32.13.3.rel1.win32_1.0.0.202411081344/tools/bin/../lib/gcc/arm-none-eabi/13.3.1/../../../../arm-none-eabi/lib/thumb/v7-m/nofp\libc_nano.a
LOAD C:/ST/STM32CubeIDE_1.18.0/STM32CubeIDE/plugins/com.st.stm32cube.ide.mcu.externaltools.gnu-tools-for-stm32.13.3.rel1.win32_1.0.0.202411081344/tools/bin/../lib/gcc/arm-none-eabi/13.3.1/../../../../arm-none-eabi/lib/thumb/v7-m/nofp\libnosys.a
END GROUP
START GROUP
LOAD C:/ST/STM32CubeIDE_1.18.0/STM32CubeIDE/plugins/com.st.stm32cube.ide.mcu.externaltools.gnu-tools-for-stm32.13.3.rel1.win32_1.0.0.202411081344/tools/bin/../lib/gcc/arm-none-eabi/13.3.1/thumb/v7-m/nofp\libgcc.a
LOAD C:/ST/STM32CubeIDE_1.18.0/STM32CubeIDE/plugins/com.st.stm32cube.ide.mcu.externaltools.gnu-tools-for-stm32.13.3.rel1.win32_1.0.0.202411081344/tools/bin/../lib/gcc/arm-none-eabi/13.3.1/../../../../arm-none-eabi/lib/thumb/v7-m/nofp\libc_nano.a
LOAD C:/ST/STM32CubeIDE_1.18.0/STM32CubeIDE/plugins/com.st.stm32cube.ide.mcu.externaltools.gnu-tools-for-stm32.13.3.rel1.win32_1.0.0.202411081344/tools/bin/../lib/gcc/arm-none-eabi/13.3.1/../../../../arm-none-eabi/lib/thumb/v7-m/nofp\libnosys.a
END GROUP
LOAD C:/ST/STM32CubeIDE_1.18.0/STM32CubeIDE/plugins/com.st.stm32cube.ide.mcu.externaltools.gnu-tools-for-stm32.13.3.rel1.win32_1.0.0.202411081344/tools/bin/../lib/gcc/arm-none-eabi/13.3.1/thumb/v7-m/nofp/crtend.o
LOAD C:/ST/STM32CubeIDE_1.18.0/STM32CubeIDE/plugins/com.st.stm32cube.ide.mcu.externaltools.gnu-tools-for-stm32.13.3.rel1.win32_1.0.0.202411081344/tools/bin/../lib/gcc/arm-none-eabi/13.3.1/thumb/v7-m/nofp/crtn.o
                0x20005000                        _estack = (ORIGIN (RAM) + LENGTH (RAM))
                0x00000200                        _Min_Heap_Size = 0x200
                0x00000400                        _Min_Stack_Size = 0x400

.isr_vector     0x08000000      0x130
                0x08000000                        . = ALIGN (0x4)
 *(.isr_vector)
 .isr_vector    0x08000000      0x130 ./Startup/startup_stm32f103c8tx.o
                0x08000000                g_pfnVectors
                0x08000130                        . = ALIGN (0x4)

.text           0x08000130      0x28c
                0x08000130                        . = ALIGN (0x4)
 *(.text)
 .text          0x08000130       0x40 C:/ST/STM32CubeIDE_1.18.0/STM32CubeIDE/plugins/com.st.stm32cube.ide.mcu.externaltools.gnu-tools-for-stm32.13.3.rel1.win32_1.0.0.202411081344/tools/bin/../lib/gcc/arm-none-eabi/13.3.1/thumb/v7-m/nofp/crtbegin.o
 .text          0x08000170       0x10 C:/ST/STM32CubeIDE_1.18.0/STM32CubeIDE/plugins/com.st.stm32cube.ide.mcu.externaltools.gnu-tools-for-stm32.13.3.rel1.win32_1.0.0.202411081344/tools/bin/../lib/gcc/arm-none-eabi/13.3.1/../../../../arm-none-eabi/lib/thumb/v7-m/nofp\libc_nano.a(libc_a-strlen.o)
                0x08000170                strlen
 *(.text*)
 .text.SysTick_Handler
                0x08000180       0x1c ./Driver/Src/systick_f103.o
                0x08000180                SysTick_Handler
 .text.USART_GetFlag
                0x0800019c       0x2c ./Driver/Src/usart_f103.o
                0x0800019c                USART_GetFlag
 .text.USART_SendData
                0x080001c8       0x82 ./Driver/Src/usart_f103.o
                0x080001c8                USART_SendData
 *fill*         0x0800024a        0x2 
 .text.main     0x0800024c       0x28 ./Src/main_usart.o
                0x0800024c                main
 .text.DV_USART_Inits
                0x08000274       0x40 ./Src/main_usart.o
                0x08000274                DV_USART_Inits
 .text.DV_GPIO_Inits
                0x080002b4       0x54 ./Src/main_usart.o
                0x080002b4                DV_GPIO_Inits
 .text.Reset_Handler
                0x08000308       0x50 ./Startup/startup_stm32f103c8tx.o
                0x08000308                Reset_Handler
 .text.Default_Handler
                0x08000358        0x2 ./Startup/startup_stm32f103c8tx.o
                0x08000358                EXTI2_IRQHandler
                0x08000358                TIM8_TRG_COM_IRQHandler
                0x08000358                TIM8_CC_IRQHandler
                0x08000358                DebugMon_Handler
                0x08000358                TIM1_CC_IRQHandler
                0x08000358                HardFault_Handler
                0x08000358                TIM6_IRQHandler
                0x08000358                PVD_IRQHandler
                0x08000358                SDIO_IRQHandler
                0x08000358                PendSV_Handler
                0x08000358                NMI_Handler
                0x08000358                EXTI3_IRQHandler
                0x08000358                USB_HP_CAN_TX_IRQHandler
                0x08000358                EXTI0_IRQHandler
                0x08000358                I2C2_EV_IRQHandler
                0x08000358                UsageFault_Handler
                0x08000358                ADC1_2_IRQHandler
                0x08000358                SPI1_IRQHandler
                0x08000358                CAN_SCE_IRQHandler
                0x08000358                TAMPER_IRQHandler
                0x08000358                TIM8_UP_IRQHandler
                0x08000358                DMA2_Channel2_IRQHandler
                0x08000358                DMA1_Channel4_IRQHandler
                0x08000358                USART3_IRQHandler
                0x08000358                RTC_IRQHandler
                0x08000358                DMA1_Channel7_IRQHandler
                0x08000358                UART5_IRQHandler
                0x08000358                ADC3_IRQHandler
                0x08000358                TIM4_IRQHandler
                0x08000358                CAN_RX1_IRQHandler
                0x08000358                DMA2_Channel1_IRQHandler
                0x08000358                I2C1_EV_IRQHandler
                0x08000358                DMA1_Channel6_IRQHandler
                0x08000358                UART4_IRQHandler
                0x08000358                TIM3_IRQHandler
                0x08000358                RCC_IRQHandler
                0x08000358                TIM1_TRG_COM_IRQHandler
                0x08000358                DMA1_Channel1_IRQHandler
                0x08000358                Default_Handler
                0x08000358                EXTI15_10_IRQHandler
                0x08000358                TIM7_IRQHandler
                0x08000358                TIM5_IRQHandler
                0x08000358                EXTI9_5_IRQHandler
                0x08000358                SPI2_IRQHandler
                0x08000358                USB_LP_CAN_RX0_IRQHandler
                0x08000358                MemManage_Handler
                0x08000358                SVC_Handler
                0x08000358                DMA1_Channel5_IRQHandler
                0x08000358                EXTI4_IRQHandler
                0x08000358                DMA1_Channel3_IRQHandler
                0x08000358                FSMC_IRQHandler
                0x08000358                TIM1_UP_IRQHandler
                0x08000358                WWDG_IRQHandler
                0x08000358                TIM2_IRQHandler
                0x08000358                TIM1_BRK_IRQHandler
                0x08000358                EXTI1_IRQHandler
                0x08000358                RTCAlarm_IRQHandler
                0x08000358                DMA2_Channel4_5_IRQHandler
                0x08000358                USART2_IRQHandler
                0x08000358                I2C2_ER_IRQHandler
                0x08000358                DMA1_Channel2_IRQHandler
                0x08000358                TIM8_BRK_IRQHandler
                0x08000358                FLASH_IRQHandler
                0x08000358                BusFault_Handler
                0x08000358                USART1_IRQHandler
                0x08000358                SPI3_IRQHandler
                0x08000358                I2C1_ER_IRQHandler
                0x08000358                DMA2_Channel3_IRQHandler
 *fill*         0x0800035a        0x2 
 .text.__libc_init_array
                0x0800035c       0x48 C:/ST/STM32CubeIDE_1.18.0/STM32CubeIDE/plugins/com.st.stm32cube.ide.mcu.externaltools.gnu-tools-for-stm32.13.3.rel1.win32_1.0.0.202411081344/tools/bin/../lib/gcc/arm-none-eabi/13.3.1/../../../../arm-none-eabi/lib/thumb/v7-m/nofp\libc_nano.a(libc_a-init.o)
                0x0800035c                __libc_init_array
 *(.glue_7)
 .glue_7        0x080003a4        0x0 linker stubs
 *(.glue_7t)
 .glue_7t       0x080003a4        0x0 linker stubs
 *(.eh_frame)
 .eh_frame      0x080003a4        0x0 C:/ST/STM32CubeIDE_1.18.0/STM32CubeIDE/plugins/com.st.stm32cube.ide.mcu.externaltools.gnu-tools-for-stm32.13.3.rel1.win32_1.0.0.202411081344/tools/bin/../lib/gcc/arm-none-eabi/13.3.1/thumb/v7-m/nofp/crtbegin.o
 *(.init)
 .init          0x080003a4        0x4 C:/ST/STM32CubeIDE_1.18.0/STM32CubeIDE/plugins/com.st.stm32cube.ide.mcu.externaltools.gnu-tools-for-stm32.13.3.rel1.win32_1.0.0.202411081344/tools/bin/../lib/gcc/arm-none-eabi/13.3.1/thumb/v7-m/nofp/crti.o
                0x080003a4                _init
 .init          0x080003a8        0x8 C:/ST/STM32CubeIDE_1.18.0/STM32CubeIDE/plugins/com.st.stm32cube.ide.mcu.externaltools.gnu-tools-for-stm32.13.3.rel1.win32_1.0.0.202411081344/tools/bin/../lib/gcc/arm-none-eabi/13.3.1/thumb/v7-m/nofp/crtn.o
 *(.fini)
 .fini          0x080003b0        0x4 C:/ST/STM32CubeIDE_1.18.0/STM32CubeIDE/plugins/com.st.stm32cube.ide.mcu.externaltools.gnu-tools-for-stm32.13.3.rel1.win32_1.0.0.202411081344/tools/bin/../lib/gcc/arm-none-eabi/13.3.1/thumb/v7-m/nofp/crti.o
                0x080003b0                _fini
 .fini          0x080003b4        0x8 C:/ST/STM32CubeIDE_1.18.0/STM32CubeIDE/plugins/com.st.stm32cube.ide.mcu.externaltools.gnu-tools-for-stm32.13.3.rel1.win32_1.0.0.202411081344/tools/bin/../lib/gcc/arm-none-eabi/13.3.1/thumb/v7-m/nofp/crtn.o
                0x080003bc                        . = ALIGN (0x4)
                0x080003bc                        _etext = .

.vfp11_veneer   0x080003bc        0x0
 .vfp11_veneer  0x080003bc        0x0 linker stubs

.v4_bx          0x080003bc        0x0
 .v4_bx         0x080003bc        0x0 linker stubs

.iplt           0x080003bc        0x0
 .iplt          0x080003bc        0x0 C:/ST/STM32CubeIDE_1.18.0/STM32CubeIDE/plugins/com.st.stm32cube.ide.mcu.externaltools.gnu-tools-for-stm32.13.3.rel1.win32_1.0.0.202411081344/tools/bin/../lib/gcc/arm-none-eabi/13.3.1/thumb/v7-m/nofp/crtbegin.o

.rodata         0x080003bc        0x0
                0x080003bc                        . = ALIGN (0x4)
 *(.rodata)
 *(.rodata*)
                0x080003bc                        . = ALIGN (0x4)

.ARM.extab      0x080003bc        0x0
                0x080003bc                        . = ALIGN (0x4)
 *(.ARM.extab* .gnu.linkonce.armextab.*)
                0x080003bc                        . = ALIGN (0x4)

.ARM            0x080003bc        0x8
                0x080003bc                        . = ALIGN (0x4)
                0x080003bc                        __exidx_start = .
 *(.ARM.exidx*)
 .ARM.exidx     0x080003bc        0x8 C:/ST/STM32CubeIDE_1.18.0/STM32CubeIDE/plugins/com.st.stm32cube.ide.mcu.externaltools.gnu-tools-for-stm32.13.3.rel1.win32_1.0.0.202411081344/tools/bin/../lib/gcc/arm-none-eabi/13.3.1/../../../../arm-none-eabi/lib/thumb/v7-m/nofp\libc_nano.a(libc_a-strlen.o)
                0x080003c4                        __exidx_end = .
                0x080003c4                        . = ALIGN (0x4)

.preinit_array  0x080003c4        0x0
                0x080003c4                        . = ALIGN (0x4)
                0x080003c4                        PROVIDE (__preinit_array_start = .)
 *(.preinit_array*)
                0x080003c4                        PROVIDE (__preinit_array_end = .)
                0x080003c4                        . = ALIGN (0x4)

.init_array     0x080003c4        0x4
                0x080003c4                        . = ALIGN (0x4)
                0x080003c4                        PROVIDE (__init_array_start = .)
 *(SORT_BY_NAME(.init_array.*))
 *(.init_array*)
 .init_array    0x080003c4        0x4 C:/ST/STM32CubeIDE_1.18.0/STM32CubeIDE/plugins/com.st.stm32cube.ide.mcu.externaltools.gnu-tools-for-stm32.13.3.rel1.win32_1.0.0.202411081344/tools/bin/../lib/gcc/arm-none-eabi/13.3.1/thumb/v7-m/nofp/crtbegin.o
                0x080003c8                        PROVIDE (__init_array_end = .)
                0x080003c8                        . = ALIGN (0x4)

.fini_array     0x080003c8        0x4
                0x080003c8                        . = ALIGN (0x4)
                [!provide]                        PROVIDE (__fini_array_start = .)
 *(SORT_BY_NAME(.fini_array.*))
 *(.fini_array*)
 .fini_array    0x080003c8        0x4 C:/ST/STM32CubeIDE_1.18.0/STM32CubeIDE/plugins/com.st.stm32cube.ide.mcu.externaltools.gnu-tools-for-stm32.13.3.rel1.win32_1.0.0.202411081344/tools/bin/../lib/gcc/arm-none-eabi/13.3.1/thumb/v7-m/nofp/crtbegin.o
                [!provide]                        PROVIDE (__fini_array_end = .)
                0x080003cc                        . = ALIGN (0x4)
                0x080003cc                        _sidata = LOADADDR (.data)

.rel.dyn        0x080003cc        0x0
 .rel.iplt      0x080003cc        0x0 C:/ST/STM32CubeIDE_1.18.0/STM32CubeIDE/plugins/com.st.stm32cube.ide.mcu.externaltools.gnu-tools-for-stm32.13.3.rel1.win32_1.0.0.202411081344/tools/bin/../lib/gcc/arm-none-eabi/13.3.1/thumb/v7-m/nofp/crtbegin.o

.data           0x20000000       0x64 load address 0x080003cc
                0x20000000                        . = ALIGN (0x4)
                0x20000000                        _sdata = .
 *(.data)
 *(.data*)
 .data.message  0x20000000       0x64 ./Src/main_usart.o
                0x20000000                message
 *(.RamFunc)
 *(.RamFunc*)
                0x20000064                        . = ALIGN (0x4)
                0x20000064                        _edata = .

.igot.plt       0x20000064        0x0 load address 0x08000430
 .igot.plt      0x20000064        0x0 C:/ST/STM32CubeIDE_1.18.0/STM32CubeIDE/plugins/com.st.stm32cube.ide.mcu.externaltools.gnu-tools-for-stm32.13.3.rel1.win32_1.0.0.202411081344/tools/bin/../lib/gcc/arm-none-eabi/13.3.1/thumb/v7-m/nofp/crtbegin.o
                0x20000064                        . = ALIGN (0x4)

.bss            0x20000064       0x68 load address 0x08000430
                0x20000064                        _sbss = .
                0x20000064                        __bss_start__ = _sbss
 *(.bss)
 .bss           0x20000064       0x1c C:/ST/STM32CubeIDE_1.18.0/STM32CubeIDE/plugins/com.st.stm32cube.ide.mcu.externaltools.gnu-tools-for-stm32.13.3.rel1.win32_1.0.0.202411081344/tools/bin/../lib/gcc/arm-none-eabi/13.3.1/thumb/v7-m/nofp/crtbegin.o
 *(.bss*)
 .bss.tick      0x20000080        0x4 ./Driver/Src/systick_f103.o
                0x20000080                tick
 .bss.USARTHandle1
                0x20000084       0x20 ./Src/main_usart.o
                0x20000084                USARTHandle1
 .bss.GPIOHandle1
                0x200000a4       0x14 ./Src/main_usart.o
                0x200000a4                GPIOHandle1
 .bss.GPIOHandle2
                0x200000b8       0x14 ./Src/main_usart.o
                0x200000b8                GPIOHandle2
 *(COMMON)
                0x200000cc                        . = ALIGN (0x4)
                0x200000cc                        _ebss = .
                0x200000cc                        __bss_end__ = _ebss

._user_heap_stack
                0x200000cc      0x604 load address 0x08000430
                0x200000d0                        . = ALIGN (0x8)
 *fill*         0x200000cc        0x4 
                [!provide]                        PROVIDE (end = .)
                0x200000d0                        PROVIDE (_end = .)
                0x200002d0                        . = (. + _Min_Heap_Size)
 *fill*         0x200000d0      0x200 
                0x200006d0                        . = (. + _Min_Stack_Size)
 *fill*         0x200002d0      0x400 
                0x200006d0                        . = ALIGN (0x8)

/DISCARD/
 libc.a(*)
 libm.a(*)
 libgcc.a(*)

.ARM.attributes
                0x00000000       0x29
 *(.ARM.attributes)
 .ARM.attributes
                0x00000000       0x1d C:/ST/STM32CubeIDE_1.18.0/STM32CubeIDE/plugins/com.st.stm32cube.ide.mcu.externaltools.gnu-tools-for-stm32.13.3.rel1.win32_1.0.0.202411081344/tools/bin/../lib/gcc/arm-none-eabi/13.3.1/thumb/v7-m/nofp/crti.o
 .ARM.attributes
                0x0000001d       0x2d C:/ST/STM32CubeIDE_1.18.0/STM32CubeIDE/plugins/com.st.stm32cube.ide.mcu.externaltools.gnu-tools-for-stm32.13.3.rel1.win32_1.0.0.202411081344/tools/bin/../lib/gcc/arm-none-eabi/13.3.1/thumb/v7-m/nofp/crtbegin.o
 .ARM.attributes
                0x0000004a       0x2d ./Driver/Src/systick_f103.o
 .ARM.attributes
                0x00000077       0x2d ./Driver/Src/usart_f103.o
 .ARM.attributes
                0x000000a4       0x2d ./Src/main_usart.o
 .ARM.attributes
                0x000000d1       0x21 ./Startup/startup_stm32f103c8tx.o
 .ARM.attributes
                0x000000f2       0x2d C:/ST/STM32CubeIDE_1.18.0/STM32CubeIDE/plugins/com.st.stm32cube.ide.mcu.externaltools.gnu-tools-for-stm32.13.3.rel1.win32_1.0.0.202411081344/tools/bin/../lib/gcc/arm-none-eabi/13.3.1/../../../../arm-none-eabi/lib/thumb/v7-m/nofp\libc_nano.a(libc_a-init.o)
 .ARM.attributes
                0x0000011f       0x17 C:/ST/STM32CubeIDE_1.18.0/STM32CubeIDE/plugins/com.st.stm32cube.ide.mcu.externaltools.gnu-tools-for-stm32.13.3.rel1.win32_1.0.0.202411081344/tools/bin/../lib/gcc/arm-none-eabi/13.3.1/../../../../arm-none-eabi/lib/thumb/v7-m/nofp\libc_nano.a(libc_a-strlen.o)
 .ARM.attributes
                0x00000136       0x1d C:/ST/STM32CubeIDE_1.18.0/STM32CubeIDE/plugins/com.st.stm32cube.ide.mcu.externaltools.gnu-tools-for-stm32.13.3.rel1.win32_1.0.0.202411081344/tools/bin/../lib/gcc/arm-none-eabi/13.3.1/thumb/v7-m/nofp/crtn.o
OUTPUT(driver_f103.elf elf32-littlearm)
LOAD linker stubs
LOAD C:/ST/STM32CubeIDE_1.18.0/STM32CubeIDE/plugins/com.st.stm32cube.ide.mcu.externaltools.gnu-tools-for-stm32.13.3.rel1.win32_1.0.0.202411081344/tools/bin/../lib/gcc/arm-none-eabi/13.3.1/../../../../arm-none-eabi/lib/thumb/v7-m/nofp\libc.a
LOAD C:/ST/STM32CubeIDE_1.18.0/STM32CubeIDE/plugins/com.st.stm32cube.ide.mcu.externaltools.gnu-tools-for-stm32.13.3.rel1.win32_1.0.0.202411081344/tools/bin/../lib/gcc/arm-none-eabi/13.3.1/../../../../arm-none-eabi/lib/thumb/v7-m/nofp\libm.a
LOAD C:/ST/STM32CubeIDE_1.18.0/STM32CubeIDE/plugins/com.st.stm32cube.ide.mcu.externaltools.gnu-tools-for-stm32.13.3.rel1.win32_1.0.0.202411081344/tools/bin/../lib/gcc/arm-none-eabi/13.3.1/thumb/v7-m/nofp\libgcc.a

.debug_info     0x00000000      0xa9a
 .debug_info    0x00000000      0x115 ./Driver/Src/systick_f103.o
 .debug_info    0x00000115      0x57d ./Driver/Src/usart_f103.o
 .debug_info    0x00000692      0x3d8 ./Src/main_usart.o
 .debug_info    0x00000a6a       0x30 ./Startup/startup_stm32f103c8tx.o

.debug_abbrev   0x00000000      0x373
 .debug_abbrev  0x00000000       0xd6 ./Driver/Src/systick_f103.o
 .debug_abbrev  0x000000d6      0x16f ./Driver/Src/usart_f103.o
 .debug_abbrev  0x00000245      0x10a ./Src/main_usart.o
 .debug_abbrev  0x0000034f       0x24 ./Startup/startup_stm32f103c8tx.o

.debug_aranges  0x00000000       0xf8
 .debug_aranges
                0x00000000       0x38 ./Driver/Src/systick_f103.o
 .debug_aranges
                0x00000038       0x68 ./Driver/Src/usart_f103.o
 .debug_aranges
                0x000000a0       0x30 ./Src/main_usart.o
 .debug_aranges
                0x000000d0       0x28 ./Startup/startup_stm32f103c8tx.o

.debug_rnglists
                0x00000000       0xa9
 .debug_rnglists
                0x00000000       0x25 ./Driver/Src/systick_f103.o
 .debug_rnglists
                0x00000025       0x4c ./Driver/Src/usart_f103.o
 .debug_rnglists
                0x00000071       0x1f ./Src/main_usart.o
 .debug_rnglists
                0x00000090       0x19 ./Startup/startup_stm32f103c8tx.o

.debug_macro    0x00000000      0xf67
 .debug_macro   0x00000000       0x72 ./Driver/Src/systick_f103.o
 .debug_macro   0x00000072       0x28 ./Driver/Src/systick_f103.o
 .debug_macro   0x0000009a       0x8e ./Driver/Src/usart_f103.o
 .debug_macro   0x00000128      0x190 ./Driver/Src/usart_f103.o
 .debug_macro   0x000002b8      0x22f ./Driver/Src/usart_f103.o
 .debug_macro   0x000004e7      0x165 ./Src/main_usart.o
 .debug_macro   0x0000064c      0x118 ./Src/main_usart.o
 .debug_macro   0x00000764       0x61 ./Src/main_usart.o
 .debug_macro   0x000007c5       0x24 ./Src/main_usart.o
 .debug_macro   0x000007e9       0x43 ./Src/main_usart.o
 .debug_macro   0x0000082c       0x34 ./Src/main_usart.o
 .debug_macro   0x00000860      0x370 ./Src/main_usart.o
 .debug_macro   0x00000bd0       0x16 ./Src/main_usart.o
 .debug_macro   0x00000be6       0x4a ./Src/main_usart.o
 .debug_macro   0x00000c30       0x34 ./Src/main_usart.o
 .debug_macro   0x00000c64       0x10 ./Src/main_usart.o
 .debug_macro   0x00000c74       0x58 ./Src/main_usart.o
 .debug_macro   0x00000ccc       0x8e ./Src/main_usart.o
 .debug_macro   0x00000d5a       0x1c ./Src/main_usart.o
 .debug_macro   0x00000d76      0x185 ./Src/main_usart.o
 .debug_macro   0x00000efb       0x10 ./Src/main_usart.o
 .debug_macro   0x00000f0b       0x3c ./Src/main_usart.o
 .debug_macro   0x00000f47       0x20 ./Src/main_usart.o

.debug_line     0x00000000     0x14ca
 .debug_line    0x00000000      0x4d7 ./Driver/Src/systick_f103.o
 .debug_line    0x000004d7      0x939 ./Driver/Src/usart_f103.o
 .debug_line    0x00000e10      0x63f ./Src/main_usart.o
 .debug_line    0x0000144f       0x7b ./Startup/startup_stm32f103c8tx.o

.debug_str      0x00000000     0x9153
 .debug_str     0x00000000     0x9153 ./Driver/Src/systick_f103.o
                               0x3e55 (size before relaxing)
 .debug_str     0x00009153     0x5c19 ./Driver/Src/usart_f103.o
 .debug_str     0x00009153     0x90ae ./Src/main_usart.o
 .debug_str     0x00009153       0x6c ./Startup/startup_stm32f103c8tx.o

.comment        0x00000000       0x43
 .comment       0x00000000       0x43 ./Driver/Src/systick_f103.o
                                 0x44 (size before relaxing)
 .comment       0x00000043       0x44 ./Driver/Src/usart_f103.o
 .comment       0x00000043       0x44 ./Src/main_usart.o

.debug_frame    0x00000000      0x2c8
 .debug_frame   0x00000000       0x9c ./Driver/Src/systick_f103.o
 .debug_frame   0x0000009c      0x194 ./Driver/Src/usart_f103.o
 .debug_frame   0x00000230       0x6c ./Src/main_usart.o
 .debug_frame   0x0000029c       0x2c C:/ST/STM32CubeIDE_1.18.0/STM32CubeIDE/plugins/com.st.stm32cube.ide.mcu.externaltools.gnu-tools-for-stm32.13.3.rel1.win32_1.0.0.202411081344/tools/bin/../lib/gcc/arm-none-eabi/13.3.1/../../../../arm-none-eabi/lib/thumb/v7-m/nofp\libc_nano.a(libc_a-init.o)

.debug_line_str
                0x00000000       0x50
 .debug_line_str
                0x00000000       0x50 ./Startup/startup_stm32f103c8tx.o
